0 verbose cli D:\nodejs\node.exe D:\nodejs\node_modules\npm\bin\npm-cli.js
1 info using npm@10.9.0
2 info using node@v22.12.0
3 silly config load:file:D:\nodejs\node_modules\npm\npmrc
4 silly config load:file:D:\CMP\frontend\.npmrc
5 silly config load:file:C:\Users\Data comp\.npmrc
6 silly config load:file:D:\CMP\frontend\..npm-global\etc\npmrc
7 verbose title npm install lucide-react
8 verbose argv "install" "lucide-react"
9 verbose logfile logs-max:10 dir:D:\CMP\frontend\..npm-cache\_logs\2025-10-14T14_21_15_284Z-
10 verbose logfile D:\CMP\frontend\..npm-cache\_logs\2025-10-14T14_21_15_284Z-debug-0.log
11 silly logfile done cleaning log files
12 silly packumentCache heap:4345298944 maxSize:1086324736 maxEntrySize:543162368
13 silly idealTree buildDeps
14 silly fetch manifest lucide-react@*
15 silly packumentCache full:https://registry.npmjs.org/lucide-react cache-miss
16 http fetch GET 200 https://registry.npmjs.org/lucide-react 689ms (cache revalidated)
17 silly packumentCache full:https://registry.npmjs.org/lucide-react set size:2087543 disposed:false
18 silly fetch manifest react@19.1.0
19 silly packumentCache full:https://registry.npmjs.org/react cache-miss
20 http fetch GET 200 https://registry.npmjs.org/react 685ms (cache updated)
21 silly packumentCache full:https://registry.npmjs.org/react set size:undefined disposed:false
22 silly placeDep ROOT lucide-react@0.545.0 OK for: hankers-frontend@0.1.0 want: *
23 silly reify moves {}
24 verbose reify failed optional dependency D:\CMP\frontend\node_modules\@tailwindcss\oxide-wasm32-wasi
25 silly reify mark deleted [ 'D:\\CMP\\frontend\\node_modules\\@tailwindcss\\oxide-wasm32-wasi' ]
26 silly audit bulk request {
26 silly audit   '@adobe/css-tools': [ '4.4.4' ],
26 silly audit   '@alloc/quick-lru': [ '5.2.0' ],
26 silly audit   '@asamuzakjp/css-color': [ '4.0.5' ],
26 silly audit   'lru-cache': [ '11.2.2', '5.1.1' ],
26 silly audit   '@asamuzakjp/dom-selector': [ '6.6.2' ],
26 silly audit   '@asamuzakjp/nwsapi': [ '2.3.9' ],
26 silly audit   '@babel/code-frame': [ '7.27.1' ],
26 silly audit   '@babel/compat-data': [ '7.28.4' ],
26 silly audit   '@babel/core': [ '7.28.4' ],
26 silly audit   semver: [ '6.3.1', '7.7.3' ],
26 silly audit   '@babel/generator': [ '7.28.3' ],
26 silly audit   '@babel/helper-annotate-as-pure': [ '7.27.3' ],
26 silly audit   '@babel/helper-compilation-targets': [ '7.27.2' ],
26 silly audit   '@babel/helper-create-class-features-plugin': [ '7.28.3' ],
26 silly audit   '@babel/helper-create-regexp-features-plugin': [ '7.27.1' ],
26 silly audit   '@babel/helper-define-polyfill-provider': [ '0.6.5' ],
26 silly audit   '@babel/helper-globals': [ '7.28.0' ],
26 silly audit   '@babel/helper-member-expression-to-functions': [ '7.27.1' ],
26 silly audit   '@babel/helper-module-imports': [ '7.27.1' ],
26 silly audit   '@babel/helper-module-transforms': [ '7.28.3' ],
26 silly audit   '@babel/helper-optimise-call-expression': [ '7.27.1' ],
26 silly audit   '@babel/helper-plugin-utils': [ '7.27.1' ],
26 silly audit   '@babel/helper-remap-async-to-generator': [ '7.27.1' ],
26 silly audit   '@babel/helper-replace-supers': [ '7.27.1' ],
26 silly audit   '@babel/helper-skip-transparent-expression-wrappers': [ '7.27.1' ],
26 silly audit   '@babel/helper-string-parser': [ '7.27.1' ],
26 silly audit   '@babel/helper-validator-identifier': [ '7.27.1' ],
26 silly audit   '@babel/helper-validator-option': [ '7.27.1' ],
26 silly audit   '@babel/helper-wrap-function': [ '7.28.3' ],
26 silly audit   '@babel/helpers': [ '7.28.4' ],
26 silly audit   '@babel/parser': [ '7.28.4' ],
26 silly audit   '@babel/plugin-bugfix-firefox-class-in-computed-class-key': [ '7.27.1' ],
26 silly audit   '@babel/plugin-bugfix-safari-class-field-initializer-scope': [ '7.27.1' ],
26 silly audit   '@babel/plugin-bugfix-safari-id-destructuring-collision-in-function-expression': [ '7.27.1' ],
26 silly audit   '@babel/plugin-bugfix-v8-spread-parameters-in-optional-chaining': [ '7.27.1' ],
26 silly audit   '@babel/plugin-bugfix-v8-static-class-fields-redefine-readonly': [ '7.28.3' ],
26 silly audit   '@babel/plugin-proposal-private-property-in-object': [ '7.21.0-placeholder-for-preset-env.2' ],
26 silly audit   '@babel/plugin-syntax-import-assertions': [ '7.27.1' ],
26 silly audit   '@babel/plugin-syntax-import-attributes': [ '7.27.1' ],
26 silly audit   '@babel/plugin-syntax-jsx': [ '7.27.1' ],
26 silly audit   '@babel/plugin-syntax-typescript': [ '7.27.1' ],
26 silly audit   '@babel/plugin-syntax-unicode-sets-regex': [ '7.18.6' ],
26 silly audit   '@babel/plugin-transform-arrow-functions': [ '7.27.1' ],
26 silly audit   '@babel/plugin-transform-async-generator-functions': [ '7.28.0' ],
26 silly audit   '@babel/plugin-transform-async-to-generator': [ '7.27.1' ],
26 silly audit   '@babel/plugin-transform-block-scoped-functions': [ '7.27.1' ],
26 silly audit   '@babel/plugin-transform-block-scoping': [ '7.28.4' ],
26 silly audit   '@babel/plugin-transform-class-properties': [ '7.27.1' ],
26 silly audit   '@babel/plugin-transform-class-static-block': [ '7.28.3' ],
26 silly audit   '@babel/plugin-transform-classes': [ '7.28.4' ],
26 silly audit   '@babel/plugin-transform-computed-properties': [ '7.27.1' ],
26 silly audit   '@babel/plugin-transform-destructuring': [ '7.28.0' ],
26 silly audit   '@babel/plugin-transform-dotall-regex': [ '7.27.1' ],
26 silly audit   '@babel/plugin-transform-duplicate-keys': [ '7.27.1' ],
26 silly audit   '@babel/plugin-transform-duplicate-named-capturing-groups-regex': [ '7.27.1' ],
26 silly audit   '@babel/plugin-transform-dynamic-import': [ '7.27.1' ],
26 silly audit   '@babel/plugin-transform-explicit-resource-management': [ '7.28.0' ],
26 silly audit   '@babel/plugin-transform-exponentiation-operator': [ '7.27.1' ],
26 silly audit   '@babel/plugin-transform-export-namespace-from': [ '7.27.1' ],
26 silly audit   '@babel/plugin-transform-for-of': [ '7.27.1' ],
26 silly audit   '@babel/plugin-transform-function-name': [ '7.27.1' ],
26 silly audit   '@babel/plugin-transform-json-strings': [ '7.27.1' ],
26 silly audit   '@babel/plugin-transform-literals': [ '7.27.1' ],
26 silly audit   '@babel/plugin-transform-logical-assignment-operators': [ '7.27.1' ],
26 silly audit   '@babel/plugin-transform-member-expression-literals': [ '7.27.1' ],
26 silly audit   '@babel/plugin-transform-modules-amd': [ '7.27.1' ],
26 silly audit   '@babel/plugin-transform-modules-commonjs': [ '7.27.1' ],
26 silly audit   '@babel/plugin-transform-modules-systemjs': [ '7.27.1' ],
26 silly audit   '@babel/plugin-transform-modules-umd': [ '7.27.1' ],
26 silly audit   '@babel/plugin-transform-named-capturing-groups-regex': [ '7.27.1' ],
26 silly audit   '@babel/plugin-transform-new-target': [ '7.27.1' ],
26 silly audit   '@babel/plugin-transform-nullish-coalescing-operator': [ '7.27.1' ],
26 silly audit   '@babel/plugin-transform-numeric-separator': [ '7.27.1' ],
26 silly audit   '@babel/plugin-transform-object-rest-spread': [ '7.28.4' ],
26 silly audit   '@babel/plugin-transform-object-super': [ '7.27.1' ],
26 silly audit   '@babel/plugin-transform-optional-catch-binding': [ '7.27.1' ],
26 silly audit   '@babel/plugin-transform-optional-chaining': [ '7.27.1' ],
26 silly audit   '@babel/plugin-transform-parameters': [ '7.27.7' ],
26 silly audit   '@babel/plugin-transform-private-methods': [ '7.27.1' ],
26 silly audit   '@babel/plugin-transform-private-property-in-object': [ '7.27.1' ],
26 silly audit   '@babel/plugin-transform-property-literals': [ '7.27.1' ],
26 silly audit   '@babel/plugin-transform-react-constant-elements': [ '7.27.1' ],
26 silly audit   '@babel/plugin-transform-react-display-name': [ '7.28.0' ],
26 silly audit   '@babel/plugin-transform-react-jsx': [ '7.27.1' ],
26 silly audit   '@babel/plugin-transform-react-jsx-development': [ '7.27.1' ],
26 silly audit   '@babel/plugin-transform-react-jsx-self': [ '7.27.1' ],
26 silly audit   '@babel/plugin-transform-react-jsx-source': [ '7.27.1' ],
26 silly audit   '@babel/plugin-transform-react-pure-annotations': [ '7.27.1' ],
26 silly audit   '@babel/plugin-transform-regenerator': [ '7.28.4' ],
26 silly audit   '@babel/plugin-transform-regexp-modifiers': [ '7.27.1' ],
26 silly audit   '@babel/plugin-transform-reserved-words': [ '7.27.1' ],
26 silly audit   '@babel/plugin-transform-shorthand-properties': [ '7.27.1' ],
26 silly audit   '@babel/plugin-transform-spread': [ '7.27.1' ],
26 silly audit   '@babel/plugin-transform-sticky-regex': [ '7.27.1' ],
26 silly audit   '@babel/plugin-transform-template-literals': [ '7.27.1' ],
26 silly audit   '@babel/plugin-transform-typeof-symbol': [ '7.27.1' ],
26 silly audit   '@babel/plugin-transform-typescript': [ '7.28.0' ],
26 silly audit   '@babel/plugin-transform-unicode-escapes': [ '7.27.1' ],
26 silly audit   '@babel/plugin-transform-unicode-property-regex': [ '7.27.1' ],
26 silly audit   '@babel/plugin-transform-unicode-regex': [ '7.27.1' ],
26 silly audit   '@babel/plugin-transform-unicode-sets-regex': [ '7.27.1' ],
26 silly audit   '@babel/preset-env': [ '7.28.3' ],
26 silly audit   '@babel/preset-modules': [ '0.1.6-no-external-plugins' ],
26 silly audit   '@babel/preset-react': [ '7.27.1' ],
26 silly audit   '@babel/preset-typescript': [ '7.27.1' ],
26 silly audit   '@babel/runtime': [ '7.28.4' ],
26 silly audit   '@babel/template': [ '7.27.2' ],
26 silly audit   '@babel/traverse': [ '7.28.4' ],
26 silly audit   '@babel/types': [ '7.28.4' ],
26 silly audit   '@commitlint/cli': [ '20.1.0' ],
26 silly audit   '@commitlint/config-conventional': [ '20.0.0' ],
26 silly audit   '@commitlint/config-validator': [ '20.0.0' ],
26 silly audit   '@commitlint/ensure': [ '20.0.0' ],
26 silly audit   '@commitlint/execute-rule': [ '20.0.0' ],
26 silly audit   '@commitlint/format': [ '20.0.0' ],
26 silly audit   '@commitlint/is-ignored': [ '20.0.0' ],
26 silly audit   '@commitlint/lint': [ '20.0.0' ],
26 silly audit   '@commitlint/load': [ '20.1.0' ],
26 silly audit   '@commitlint/message': [ '20.0.0' ],
26 silly audit   '@commitlint/parse': [ '20.0.0' ],
26 silly audit   '@commitlint/read': [ '20.0.0' ],
26 silly audit   '@commitlint/resolve-extends': [ '20.1.0' ],
26 silly audit   '@commitlint/rules': [ '20.0.0' ],
26 silly audit   '@commitlint/to-lines': [ '20.0.0' ],
26 silly audit   '@commitlint/top-level': [ '20.0.0' ],
26 silly audit   '@commitlint/types': [ '20.0.0' ],
26 silly audit   '@csstools/color-helpers': [ '5.1.0' ],
26 silly audit   '@csstools/css-calc': [ '2.1.4' ],
26 silly audit   '@csstools/css-color-parser': [ '3.1.0' ],
26 silly audit   '@csstools/css-parser-algorithms': [ '3.0.5' ],
26 silly audit   '@csstools/css-syntax-patches-for-csstree': [ '1.0.14' ],
26 silly audit   '@csstools/css-tokenizer': [ '3.0.4' ],
26 silly audit   '@emnapi/core': [ '1.5.0' ],
26 silly audit   '@emnapi/runtime': [ '1.5.0' ],
26 silly audit   '@emnapi/wasi-threads': [ '1.1.0' ],
26 silly audit   '@esbuild/aix-ppc64': [ '0.25.10' ],
26 silly audit   '@esbuild/android-arm': [ '0.25.10' ],
26 silly audit   '@esbuild/android-arm64': [ '0.25.10' ],
26 silly audit   '@esbuild/android-x64': [ '0.25.10' ],
26 silly audit   '@esbuild/darwin-arm64': [ '0.25.10' ],
26 silly audit   '@esbuild/darwin-x64': [ '0.25.10' ],
26 silly audit   '@esbuild/freebsd-arm64': [ '0.25.10' ],
26 silly audit   '@esbuild/freebsd-x64': [ '0.25.10' ],
26 silly audit   '@esbuild/linux-arm': [ '0.25.10' ],
26 silly audit   '@esbuild/linux-arm64': [ '0.25.10' ],
26 silly audit   '@esbuild/linux-ia32': [ '0.25.10' ],
26 silly audit   '@esbuild/linux-loong64': [ '0.25.10' ],
26 silly audit   '@esbuild/linux-mips64el': [ '0.25.10' ],
26 silly audit   '@esbuild/linux-ppc64': [ '0.25.10' ],
26 silly audit   '@esbuild/linux-riscv64': [ '0.25.10' ],
26 silly audit   '@esbuild/linux-s390x': [ '0.25.10' ],
26 silly audit   '@esbuild/linux-x64': [ '0.25.10' ],
26 silly audit   '@esbuild/netbsd-arm64': [ '0.25.10' ],
26 silly audit   '@esbuild/netbsd-x64': [ '0.25.10' ],
26 silly audit   '@esbuild/openbsd-arm64': [ '0.25.10' ],
26 silly audit   '@esbuild/openbsd-x64': [ '0.25.10' ],
26 silly audit   '@esbuild/openharmony-arm64': [ '0.25.10' ],
26 silly audit   '@esbuild/sunos-x64': [ '0.25.10' ],
26 silly audit   '@esbuild/win32-arm64': [ '0.25.10' ],
26 silly audit   '@esbuild/win32-ia32': [ '0.25.10' ],
26 silly audit   '@esbuild/win32-x64': [ '0.25.10' ],
26 silly audit   '@eslint-community/eslint-utils': [ '4.9.0' ],
26 silly audit   'eslint-visitor-keys': [ '3.4.3', '4.2.1' ],
26 silly audit   '@eslint-community/regexpp': [ '4.12.1' ],
26 silly audit   '@eslint/config-array': [ '0.21.0' ],
26 silly audit   '@eslint/config-helpers': [ '0.4.0' ],
26 silly audit   '@eslint/core': [ '0.16.0' ],
26 silly audit   '@eslint/eslintrc': [ '3.3.1' ],
26 silly audit   ajv: [ '6.12.6', '8.17.1' ],
26 silly audit   'json-schema-traverse': [ '0.4.1', '1.0.0' ],
26 silly audit   '@eslint/js': [ '9.37.0' ],
26 silly audit   '@eslint/object-schema': [ '2.1.6' ],
26 silly audit   '@eslint/plugin-kit': [ '0.4.0' ],
26 silly audit   '@humanfs/core': [ '0.19.1' ],
26 silly audit   '@humanfs/node': [ '0.16.7' ],
26 silly audit   '@humanwhocodes/module-importer': [ '1.0.1' ],
26 silly audit   '@humanwhocodes/retry': [ '0.4.3' ],
26 silly audit   '@img/colour': [ '1.0.0' ],
26 silly audit   '@img/sharp-darwin-arm64': [ '0.34.4' ],
26 silly audit   '@img/sharp-darwin-x64': [ '0.34.4' ],
26 silly audit   '@img/sharp-libvips-darwin-arm64': [ '1.2.3' ],
26 silly audit   '@img/sharp-libvips-darwin-x64': [ '1.2.3' ],
26 silly audit   '@img/sharp-libvips-linux-arm': [ '1.2.3' ],
26 silly audit   '@img/sharp-libvips-linux-arm64': [ '1.2.3' ],
26 silly audit   '@img/sharp-libvips-linux-ppc64': [ '1.2.3' ],
26 silly audit   '@img/sharp-libvips-linux-s390x': [ '1.2.3' ],
26 silly audit   '@img/sharp-libvips-linux-x64': [ '1.2.3' ],
26 silly audit   '@img/sharp-libvips-linuxmusl-arm64': [ '1.2.3' ],
26 silly audit   '@img/sharp-libvips-linuxmusl-x64': [ '1.2.3' ],
26 silly audit   '@img/sharp-linux-arm': [ '0.34.4' ],
26 silly audit   '@img/sharp-linux-arm64': [ '0.34.4' ],
26 silly audit   '@img/sharp-linux-ppc64': [ '0.34.4' ],
26 silly audit   '@img/sharp-linux-s390x': [ '0.34.4' ],
26 silly audit   '@img/sharp-linux-x64': [ '0.34.4' ],
26 silly audit   '@img/sharp-linuxmusl-arm64': [ '0.34.4' ],
26 silly audit   '@img/sharp-linuxmusl-x64': [ '0.34.4' ],
26 silly audit   '@img/sharp-wasm32': [ '0.34.4' ],
26 silly audit   '@img/sharp-win32-arm64': [ '0.34.4' ],
26 silly audit   '@img/sharp-win32-ia32': [ '0.34.4' ],
26 silly audit   '@img/sharp-win32-x64': [ '0.34.4' ],
26 silly audit   '@isaacs/fs-minipass': [ '4.0.1' ],
26 silly audit   '@jridgewell/gen-mapping': [ '0.3.13' ],
26 silly audit   '@jridgewell/remapping': [ '2.3.5' ],
26 silly audit   '@jridgewell/resolve-uri': [ '3.1.2' ],
26 silly audit   '@jridgewell/sourcemap-codec': [ '1.5.5' ],
26 silly audit   '@jridgewell/trace-mapping': [ '0.3.31' ],
26 silly audit   '@napi-rs/wasm-runtime': [ '0.2.12' ],
26 silly audit   '@next/env': [ '15.5.4' ],
26 silly audit   '@next/eslint-plugin-next': [ '15.5.4' ],
26 silly audit   '@next/swc-darwin-arm64': [ '15.5.4' ],
26 silly audit   '@next/swc-darwin-x64': [ '15.5.4' ],
26 silly audit   '@next/swc-linux-arm64-gnu': [ '15.5.4' ],
26 silly audit   '@next/swc-linux-arm64-musl': [ '15.5.4' ],
26 silly audit   '@next/swc-linux-x64-gnu': [ '15.5.4' ],
26 silly audit   '@next/swc-linux-x64-musl': [ '15.5.4' ],
26 silly audit   '@next/swc-win32-arm64-msvc': [ '15.5.4' ],
26 silly audit   '@next/swc-win32-x64-msvc': [ '15.5.4' ],
26 silly audit   '@nodelib/fs.scandir': [ '2.1.5' ],
26 silly audit   '@nodelib/fs.stat': [ '2.0.5' ],
26 silly audit   '@nodelib/fs.walk': [ '1.2.8' ],
26 silly audit   '@nolyfill/is-core-module': [ '1.0.39' ],
26 silly audit   '@pkgr/core': [ '0.2.9' ],
26 silly audit   '@rolldown/pluginutils': [ '1.0.0-beta.38' ],
26 silly audit   '@rollup/rollup-android-arm-eabi': [ '4.52.4' ],
26 silly audit   '@rollup/rollup-android-arm64': [ '4.52.4' ],
26 silly audit   '@rollup/rollup-darwin-arm64': [ '4.52.4' ],
26 silly audit   '@rollup/rollup-darwin-x64': [ '4.52.4' ],
26 silly audit   '@rollup/rollup-freebsd-arm64': [ '4.52.4' ],
26 silly audit   '@rollup/rollup-freebsd-x64': [ '4.52.4' ],
26 silly audit   '@rollup/rollup-linux-arm-gnueabihf': [ '4.52.4' ],
26 silly audit   '@rollup/rollup-linux-arm-musleabihf': [ '4.52.4' ],
26 silly audit   '@rollup/rollup-linux-arm64-gnu': [ '4.52.4' ],
26 silly audit   '@rollup/rollup-linux-arm64-musl': [ '4.52.4' ],
26 silly audit   '@rollup/rollup-linux-loong64-gnu': [ '4.52.4' ],
26 silly audit   '@rollup/rollup-linux-ppc64-gnu': [ '4.52.4' ],
26 silly audit   '@rollup/rollup-linux-riscv64-gnu': [ '4.52.4' ],
26 silly audit   '@rollup/rollup-linux-riscv64-musl': [ '4.52.4' ],
26 silly audit   '@rollup/rollup-linux-s390x-gnu': [ '4.52.4' ],
26 silly audit   '@rollup/rollup-linux-x64-gnu': [ '4.52.4' ],
26 silly audit   '@rollup/rollup-linux-x64-musl': [ '4.52.4' ],
26 silly audit   '@rollup/rollup-openharmony-arm64': [ '4.52.4' ],
26 silly audit   '@rollup/rollup-win32-arm64-msvc': [ '4.52.4' ],
26 silly audit   '@rollup/rollup-win32-ia32-msvc': [ '4.52.4' ],
26 silly audit   '@rollup/rollup-win32-x64-gnu': [ '4.52.4' ],
26 silly audit   '@rollup/rollup-win32-x64-msvc': [ '4.52.4' ],
26 silly audit   '@rtsao/scc': [ '1.1.0' ],
26 silly audit   '@rushstack/eslint-patch': [ '1.13.0' ],
26 silly audit   '@svgr/babel-plugin-add-jsx-attribute': [ '8.0.0' ],
26 silly audit   '@svgr/babel-plugin-remove-jsx-attribute': [ '8.0.0' ],
26 silly audit   '@svgr/babel-plugin-remove-jsx-empty-expression': [ '8.0.0' ],
26 silly audit   '@svgr/babel-plugin-replace-jsx-attribute-value': [ '8.0.0' ],
26 silly audit   '@svgr/babel-plugin-svg-dynamic-title': [ '8.0.0' ],
26 silly audit   '@svgr/babel-plugin-svg-em-dimensions': [ '8.0.0' ],
26 silly audit   '@svgr/babel-plugin-transform-react-native-svg': [ '8.1.0' ],
26 silly audit   '@svgr/babel-plugin-transform-svg-component': [ '8.0.0' ],
26 silly audit   '@svgr/babel-preset': [ '8.1.0' ],
26 silly audit   '@svgr/core': [ '8.1.0' ],
26 silly audit   cosmiconfig: [ '8.3.6', '9.0.0' ],
26 silly audit   '@svgr/hast-util-to-babel-ast': [ '8.0.0' ],
26 silly audit   entities: [ '4.5.0', '6.0.1' ],
26 silly audit   '@svgr/plugin-jsx': [ '8.1.0' ],
26 silly audit   '@svgr/plugin-svgo': [ '8.1.0' ],
26 silly audit   '@svgr/webpack': [ '8.1.0' ],
26 silly audit   '@swc/helpers': [ '0.5.15' ],
26 silly audit   '@tailwindcss/node': [ '4.1.14' ],
26 silly audit   '@tailwindcss/oxide': [ '4.1.14' ],
26 silly audit   '@tailwindcss/oxide-android-arm64': [ '4.1.14' ],
26 silly audit   '@tailwindcss/oxide-darwin-arm64': [ '4.1.14' ],
26 silly audit   '@tailwindcss/oxide-darwin-x64': [ '4.1.14' ],
26 silly audit   '@tailwindcss/oxide-freebsd-x64': [ '4.1.14' ],
26 silly audit   '@tailwindcss/oxide-linux-arm-gnueabihf': [ '4.1.14' ],
26 silly audit   '@tailwindcss/oxide-linux-arm64-gnu': [ '4.1.14' ],
26 silly audit   '@tailwindcss/oxide-linux-arm64-musl': [ '4.1.14' ],
26 silly audit   '@tailwindcss/oxide-linux-x64-gnu': [ '4.1.14' ],
26 silly audit   '@tailwindcss/oxide-linux-x64-musl': [ '4.1.14' ],
26 silly audit   '@tailwindcss/oxide-win32-arm64-msvc': [ '4.1.14' ],
26 silly audit   '@tailwindcss/oxide-win32-x64-msvc': [ '4.1.14' ],
26 silly audit   '@tailwindcss/postcss': [ '4.1.14' ],
26 silly audit   '@tanstack/query-core': [ '5.90.2' ],
26 silly audit   '@tanstack/react-query': [ '5.90.2' ],
26 silly audit   '@testing-library/dom': [ '10.4.1' ],
26 silly audit   '@testing-library/jest-dom': [ '6.9.1' ],
26 silly audit   'dom-accessibility-api': [ '0.6.3', '0.5.16' ],
26 silly audit   '@testing-library/react': [ '16.3.0' ],
26 silly audit   '@testing-library/user-event': [ '14.6.1' ],
26 silly audit   '@trysound/sax': [ '0.2.0' ],
26 silly audit   '@tybys/wasm-util': [ '0.10.1' ],
26 silly audit   '@types/aria-query': [ '5.0.4' ],
26 silly audit   '@types/babel__core': [ '7.20.5' ],
26 silly audit   '@types/babel__generator': [ '7.27.0' ],
26 silly audit   '@types/babel__template': [ '7.4.4' ],
26 silly audit   '@types/babel__traverse': [ '7.28.0' ],
26 silly audit   '@types/chai': [ '5.2.2' ],
26 silly audit   '@types/conventional-commits-parser': [ '5.0.1' ],
26 silly audit   '@types/deep-eql': [ '4.0.2' ],
26 silly audit   '@types/estree': [ '1.0.8' ],
26 silly audit   '@types/json-schema': [ '7.0.15' ],
26 silly audit   '@types/json5': [ '0.0.29' ],
26 silly audit   '@types/node': [ '20.19.21' ],
26 silly audit   '@types/react': [ '19.2.2' ],
26 silly audit   '@types/react-dom': [ '19.2.1' ],
26 silly audit   '@typescript-eslint/eslint-plugin': [ '8.46.0' ],
26 silly audit   ignore: [ '7.0.5', '5.3.2' ],
26 silly audit   '@typescript-eslint/parser': [ '8.46.0' ],
26 silly audit   '@typescript-eslint/project-service': [ '8.46.0' ],
26 silly audit   '@typescript-eslint/scope-manager': [ '8.46.0' ],
26 silly audit   '@typescript-eslint/tsconfig-utils': [ '8.46.0' ],
26 silly audit   '@typescript-eslint/type-utils': [ '8.46.0' ],
26 silly audit   '@typescript-eslint/types': [ '8.46.0' ],
26 silly audit   '@typescript-eslint/typescript-estree': [ '8.46.0' ],
26 silly audit   'brace-expansion': [ '2.0.2', '1.1.12' ],
26 silly audit   'fast-glob': [ '3.3.3', '3.3.1' ],
26 silly audit   'glob-parent': [ '5.1.2', '6.0.2' ],
26 silly audit   minimatch: [ '9.0.5', '3.1.2' ],
26 silly audit   '@typescript-eslint/utils': [ '8.46.0' ],
26 silly audit   '@typescript-eslint/visitor-keys': [ '8.46.0' ],
26 silly audit   '@unrs/resolver-binding-android-arm-eabi': [ '1.11.1' ],
26 silly audit   '@unrs/resolver-binding-android-arm64': [ '1.11.1' ],
26 silly audit   '@unrs/resolver-binding-darwin-arm64': [ '1.11.1' ],
26 silly audit   '@unrs/resolver-binding-darwin-x64': [ '1.11.1' ],
26 silly audit   '@unrs/resolver-binding-freebsd-x64': [ '1.11.1' ],
26 silly audit   '@unrs/resolver-binding-linux-arm-gnueabihf': [ '1.11.1' ],
26 silly audit   '@unrs/resolver-binding-linux-arm-musleabihf': [ '1.11.1' ],
26 silly audit   '@unrs/resolver-binding-linux-arm64-gnu': [ '1.11.1' ],
26 silly audit   '@unrs/resolver-binding-linux-arm64-musl': [ '1.11.1' ],
26 silly audit   '@unrs/resolver-binding-linux-ppc64-gnu': [ '1.11.1' ],
26 silly audit   '@unrs/resolver-binding-linux-riscv64-gnu': [ '1.11.1' ],
26 silly audit   '@unrs/resolver-binding-linux-riscv64-musl': [ '1.11.1' ],
26 silly audit   '@unrs/resolver-binding-linux-s390x-gnu': [ '1.11.1' ],
26 silly audit   '@unrs/resolver-binding-linux-x64-gnu': [ '1.11.1' ],
26 silly audit   '@unrs/resolver-binding-linux-x64-musl': [ '1.11.1' ],
26 silly audit   '@unrs/resolver-binding-wasm32-wasi': [ '1.11.1' ],
26 silly audit   '@unrs/resolver-binding-win32-arm64-msvc': [ '1.11.1' ],
26 silly audit   '@unrs/resolver-binding-win32-ia32-msvc': [ '1.11.1' ],
26 silly audit   '@unrs/resolver-binding-win32-x64-msvc': [ '1.11.1' ],
26 silly audit   '@vitejs/plugin-react': [ '5.0.4' ],
26 silly audit   '@vitest/expect': [ '3.2.4' ],
26 silly audit   '@vitest/mocker': [ '3.2.4' ],
26 silly audit   '@vitest/pretty-format': [ '3.2.4' ],
26 silly audit   '@vitest/runner': [ '3.2.4' ],
26 silly audit   '@vitest/snapshot': [ '3.2.4' ],
26 silly audit   '@vitest/spy': [ '3.2.4' ],
26 silly audit   '@vitest/utils': [ '3.2.4' ],
26 silly audit   acorn: [ '8.15.0' ],
26 silly audit   'acorn-jsx': [ '5.3.2' ],
26 silly audit   'agent-base': [ '7.1.4' ],
26 silly audit   'ansi-escapes': [ '7.1.1' ],
26 silly audit   'ansi-regex': [ '5.0.1', '6.2.2' ],
26 silly audit   'ansi-styles': [ '5.2.0', '4.3.0', '6.2.3' ],
26 silly audit   argparse: [ '2.0.1' ],
26 silly audit   'aria-query': [ '5.3.0', '5.3.2' ],
26 silly audit   'array-buffer-byte-length': [ '1.0.2' ],
26 silly audit   'array-ify': [ '1.0.0' ],
26 silly audit   'array-includes': [ '3.1.9' ],
26 silly audit   'array.prototype.findlast': [ '1.2.5' ],
26 silly audit   'array.prototype.findlastindex': [ '1.2.6' ],
26 silly audit   'array.prototype.flat': [ '1.3.3' ],
26 silly audit   'array.prototype.flatmap': [ '1.3.3' ],
26 silly audit   'array.prototype.tosorted': [ '1.1.4' ],
26 silly audit   'arraybuffer.prototype.slice': [ '1.0.4' ],
26 silly audit   'assertion-error': [ '2.0.1' ],
26 silly audit   'ast-types-flow': [ '0.0.8' ],
26 silly audit   'async-function': [ '1.0.0' ],
26 silly audit   'available-typed-arrays': [ '1.0.7' ],
26 silly audit   'axe-core': [ '4.11.0' ],
26 silly audit   'axobject-query': [ '4.1.0' ],
26 silly audit   'babel-plugin-polyfill-corejs2': [ '0.4.14' ],
26 silly audit   'babel-plugin-polyfill-corejs3': [ '0.13.0' ],
26 silly audit   'babel-plugin-polyfill-regenerator': [ '0.6.5' ],
26 silly audit   'balanced-match': [ '1.0.2' ],
26 silly audit   'baseline-browser-mapping': [ '2.8.16' ],
26 silly audit   'bidi-js': [ '1.0.3' ],
26 silly audit   boolbase: [ '1.0.0' ],
26 silly audit   braces: [ '3.0.3' ],
26 silly audit   browserslist: [ '4.26.3' ],
26 silly audit   cac: [ '6.7.14' ],
26 silly audit   'call-bind': [ '1.0.8' ],
26 silly audit   'call-bind-apply-helpers': [ '1.0.2' ],
26 silly audit   'call-bound': [ '1.0.4' ],
26 silly audit   callsites: [ '3.1.0' ],
26 silly audit   camelcase: [ '6.3.0' ],
26 silly audit   'caniuse-lite': [ '1.0.30001750' ],
26 silly audit   chai: [ '5.3.3' ],
26 silly audit   chalk: [ '5.6.2', '4.1.2' ],
26 silly audit   'check-error': [ '2.1.1' ],
26 silly audit   chownr: [ '3.0.0' ],
26 silly audit   'cli-cursor': [ '5.0.0' ],
26 silly audit   'cli-truncate': [ '5.1.0' ],
26 silly audit   'client-only': [ '0.0.1' ],
26 silly audit   cliui: [ '8.0.1' ],
26 silly audit   'emoji-regex': [ '8.0.0', '9.2.2', '10.5.0' ],
26 silly audit   'is-fullwidth-code-point': [ '3.0.0', '5.1.0' ],
26 silly audit   'string-width': [ '4.2.3', '8.1.0', '7.2.0' ],
26 silly audit   'strip-ansi': [ '6.0.1', '7.1.2' ],
26 silly audit   'wrap-ansi': [ '7.0.0', '9.0.2' ],
26 silly audit   'color-convert': [ '2.0.1' ],
26 silly audit   'color-name': [ '1.1.4' ],
26 silly audit   colorette: [ '2.0.20' ],
26 silly audit   commander: [ '14.0.1', '7.2.0' ],
26 silly audit   'compare-func': [ '2.0.0' ],
26 silly audit   'concat-map': [ '0.0.1' ],
26 silly audit   'conventional-changelog-angular': [ '7.0.0' ],
26 silly audit   'conventional-changelog-conventionalcommits': [ '7.0.2' ],
26 silly audit   'conventional-commits-parser': [ '5.0.0' ],
26 silly audit   'convert-source-map': [ '2.0.0' ],
26 silly audit   'core-js-compat': [ '3.46.0' ],
26 silly audit   'cosmiconfig-typescript-loader': [ '6.2.0' ],
26 silly audit   'cross-spawn': [ '7.0.6' ],
26 silly audit   'css-select': [ '5.2.2' ],
26 silly audit   'css-tree': [ '3.1.0', '2.2.1', '2.3.1' ],
26 silly audit   'css-what': [ '6.2.2' ],
26 silly audit   'css.escape': [ '1.5.1' ],
26 silly audit   csso: [ '5.0.5' ],
26 silly audit   'mdn-data': [ '2.0.28', '2.12.2', '2.0.30' ],
26 silly audit   cssstyle: [ '5.3.1' ],
26 silly audit   csstype: [ '3.1.3' ],
26 silly audit   'damerau-levenshtein': [ '1.0.8' ],
26 silly audit   dargs: [ '8.1.0' ],
26 silly audit   'data-urls': [ '6.0.0' ],
26 silly audit   'data-view-buffer': [ '1.0.2' ],
26 silly audit   'data-view-byte-length': [ '1.0.2' ],
26 silly audit   'data-view-byte-offset': [ '1.0.1' ],
26 silly audit   debug: [ '4.4.3', '3.2.7' ],
26 silly audit   'decimal.js': [ '10.6.0' ],
26 silly audit   'deep-eql': [ '5.0.2' ],
26 silly audit   'deep-is': [ '0.1.4' ],
26 silly audit   deepmerge: [ '4.3.1' ],
26 silly audit   'define-data-property': [ '1.1.4' ],
26 silly audit   'define-properties': [ '1.2.1' ],
26 silly audit   dequal: [ '2.0.3' ],
26 silly audit   'detect-libc': [ '2.1.2' ],
26 silly audit   doctrine: [ '2.1.0' ],
26 silly audit   'dom-serializer': [ '2.0.0' ],
26 silly audit   domelementtype: [ '2.3.0' ],
26 silly audit   domhandler: [ '5.0.3' ],
26 silly audit   domutils: [ '3.2.2' ],
26 silly audit   'dot-case': [ '3.0.4' ],
26 silly audit   'dot-prop': [ '5.3.0' ],
26 silly audit   'dunder-proto': [ '1.0.1' ],
26 silly audit   'electron-to-chromium': [ '1.5.234' ],
26 silly audit   'enhanced-resolve': [ '5.18.3' ],
26 silly audit   'env-paths': [ '2.2.1' ],
26 silly audit   environment: [ '1.1.0' ],
26 silly audit   'error-ex': [ '1.3.4' ],
26 silly audit   'es-abstract': [ '1.24.0' ],
26 silly audit   'es-define-property': [ '1.0.1' ],
26 silly audit   'es-errors': [ '1.3.0' ],
26 silly audit   'es-iterator-helpers': [ '1.2.1' ],
26 silly audit   'es-module-lexer': [ '1.7.0' ],
26 silly audit   'es-object-atoms': [ '1.1.1' ],
26 silly audit   'es-set-tostringtag': [ '2.1.0' ],
26 silly audit   'es-shim-unscopables': [ '1.1.0' ],
26 silly audit   'es-to-primitive': [ '1.3.0' ],
26 silly audit   esbuild: [ '0.25.10' ],
26 silly audit   escalade: [ '3.2.0' ],
26 silly audit   'escape-string-regexp': [ '4.0.0' ],
26 silly audit   eslint: [ '9.37.0' ],
26 silly audit   'eslint-config-next': [ '15.5.4' ],
26 silly audit   'eslint-config-prettier': [ '10.1.8' ],
26 silly audit   'eslint-import-resolver-node': [ '0.3.9' ],
26 silly audit   'eslint-import-resolver-typescript': [ '3.10.1' ],
26 silly audit   'eslint-module-utils': [ '2.12.1' ],
26 silly audit   'eslint-plugin-import': [ '2.32.0' ],
26 silly audit   'eslint-plugin-jsx-a11y': [ '6.10.2' ],
26 silly audit   'eslint-plugin-prettier': [ '5.5.4' ],
26 silly audit   'eslint-plugin-react': [ '7.37.5' ],
26 silly audit   'eslint-plugin-react-hooks': [ '5.2.0' ],
26 silly audit   resolve: [ '2.0.0-next.5', '1.22.10' ],
26 silly audit   'eslint-scope': [ '8.4.0' ],
26 silly audit   'find-up': [ '5.0.0', '7.0.0' ],
26 silly audit   'locate-path': [ '6.0.0', '7.2.0' ],
26 silly audit   'p-limit': [ '3.1.0', '4.0.0' ],
26 silly audit   'p-locate': [ '5.0.0', '6.0.0' ],
26 silly audit   'path-exists': [ '4.0.0', '5.0.0' ],
26 silly audit   'yocto-queue': [ '0.1.0', '1.2.1' ],
26 silly audit   espree: [ '10.4.0' ],
26 silly audit   esquery: [ '1.6.0' ],
26 silly audit   esrecurse: [ '4.3.0' ],
26 silly audit   estraverse: [ '5.3.0' ],
26 silly audit   'estree-walker': [ '3.0.3' ],
26 silly audit   esutils: [ '2.0.3' ],
26 silly audit   eventemitter3: [ '5.0.1' ],
26 silly audit   'expect-type': [ '1.2.2' ],
26 silly audit   'fast-deep-equal': [ '3.1.3' ],
26 silly audit   'fast-diff': [ '1.3.0' ],
26 silly audit   'fast-json-stable-stringify': [ '2.1.0' ],
26 silly audit   'fast-levenshtein': [ '2.0.6' ],
26 silly audit   'fast-uri': [ '3.1.0' ],
26 silly audit   fastq: [ '1.19.1' ],
26 silly audit   'file-entry-cache': [ '8.0.0' ],
26 silly audit   'fill-range': [ '7.1.1' ],
26 silly audit   'flat-cache': [ '4.0.1' ],
26 silly audit   flatted: [ '3.3.3' ],
26 silly audit   'for-each': [ '0.3.5' ],
26 silly audit   fsevents: [ '2.3.3' ],
26 silly audit   'function-bind': [ '1.1.2' ],
26 silly audit   'function.prototype.name': [ '1.1.8' ],
26 silly audit   'functions-have-names': [ '1.2.3' ],
26 silly audit   'generator-function': [ '2.0.1' ],
26 silly audit   gensync: [ '1.0.0-beta.2' ],
26 silly audit   'get-caller-file': [ '2.0.5' ],
26 silly audit   'get-east-asian-width': [ '1.4.0' ],
26 silly audit   'get-intrinsic': [ '1.3.0' ],
26 silly audit   'get-proto': [ '1.0.1' ],
26 silly audit   'get-symbol-description': [ '1.1.0' ],
26 silly audit   'get-tsconfig': [ '4.12.0' ],
26 silly audit   'git-raw-commits': [ '4.0.0' ],
26 silly audit   'global-directory': [ '4.0.1' ],
26 silly audit   globals: [ '14.0.0' ],
26 silly audit   globalthis: [ '1.0.4' ],
26 silly audit   gopd: [ '1.2.0' ],
26 silly audit   'graceful-fs': [ '4.2.11' ],
26 silly audit   graphemer: [ '1.4.0' ],
26 silly audit   'has-bigints': [ '1.1.0' ],
26 silly audit   'has-flag': [ '4.0.0' ],
26 silly audit   'has-property-descriptors': [ '1.0.2' ],
26 silly audit   'has-proto': [ '1.2.0' ],
26 silly audit   'has-symbols': [ '1.1.0' ],
26 silly audit   'has-tostringtag': [ '1.0.2' ],
26 silly audit   hasown: [ '2.0.2' ],
26 silly audit   'html-encoding-sniffer': [ '4.0.0' ],
26 silly audit   'http-proxy-agent': [ '7.0.2' ],
26 silly audit   'https-proxy-agent': [ '7.0.6' ],
26 silly audit   husky: [ '9.1.7' ],
26 silly audit   'iconv-lite': [ '0.6.3' ],
26 silly audit   'import-fresh': [ '3.3.1' ],
26 silly audit   'resolve-from': [ '4.0.0', '5.0.0' ],
26 silly audit   'import-meta-resolve': [ '4.2.0' ],
26 silly audit   imurmurhash: [ '0.1.4' ],
26 silly audit   'indent-string': [ '4.0.0' ],
26 silly audit   ini: [ '4.1.1' ],
26 silly audit   'internal-slot': [ '1.1.0' ],
26 silly audit   'is-array-buffer': [ '3.0.5' ],
26 silly audit   'is-arrayish': [ '0.2.1' ],
26 silly audit   'is-async-function': [ '2.1.1' ],
26 silly audit   'is-bigint': [ '1.1.0' ],
26 silly audit   'is-boolean-object': [ '1.2.2' ],
26 silly audit   'is-bun-module': [ '2.0.0' ],
26 silly audit   'is-callable': [ '1.2.7' ],
26 silly audit   'is-core-module': [ '2.16.1' ],
26 silly audit   'is-data-view': [ '1.0.2' ],
26 silly audit   'is-date-object': [ '1.1.0' ],
26 silly audit   'is-extglob': [ '2.1.1' ],
26 silly audit   'is-finalizationregistry': [ '1.1.1' ],
26 silly audit   'is-generator-function': [ '1.1.2' ],
26 silly audit   'is-glob': [ '4.0.3' ],
26 silly audit   'is-map': [ '2.0.3' ],
26 silly audit   'is-negative-zero': [ '2.0.3' ],
26 silly audit   'is-number': [ '7.0.0' ],
26 silly audit   'is-number-object': [ '1.1.1' ],
26 silly audit   'is-obj': [ '2.0.0' ],
26 silly audit   'is-potential-custom-element-name': [ '1.0.1' ],
26 silly audit   'is-regex': [ '1.2.1' ],
26 silly audit   'is-set': [ '2.0.3' ],
26 silly audit   'is-shared-array-buffer': [ '1.0.4' ],
26 silly audit   'is-string': [ '1.1.1' ],
26 silly audit   'is-symbol': [ '1.1.1' ],
26 silly audit   'is-text-path': [ '2.0.0' ],
26 silly audit   'is-typed-array': [ '1.1.15' ],
26 silly audit   'is-weakmap': [ '2.0.2' ],
26 silly audit   'is-weakref': [ '1.1.1' ],
26 silly audit   'is-weakset': [ '2.0.4' ],
26 silly audit   isarray: [ '2.0.5' ],
26 silly audit   isexe: [ '2.0.0' ],
26 silly audit   'iterator.prototype': [ '1.1.5' ],
26 silly audit   jiti: [ '2.6.1' ],
26 silly audit   'js-tokens': [ '4.0.0', '9.0.1' ],
26 silly audit   'js-yaml': [ '4.1.0' ],
26 silly audit   jsdom: [ '27.0.0' ],
26 silly audit   jsesc: [ '3.1.0' ],
26 silly audit   'json-buffer': [ '3.0.1' ],
26 silly audit   'json-parse-even-better-errors': [ '2.3.1' ],
26 silly audit   'json-stable-stringify-without-jsonify': [ '1.0.1' ],
26 silly audit   json5: [ '2.2.3', '1.0.2' ],
26 silly audit   jsonparse: [ '1.3.1' ],
26 silly audit   JSONStream: [ '1.3.5' ],
26 silly audit   'jsx-ast-utils': [ '3.3.5' ],
26 silly audit   keyv: [ '4.5.4' ],
26 silly audit   'language-subtag-registry': [ '0.3.23' ],
26 silly audit   'language-tags': [ '1.0.9' ],
26 silly audit   levn: [ '0.4.1' ],
26 silly audit   lightningcss: [ '1.30.1' ],
26 silly audit   'lightningcss-darwin-arm64': [ '1.30.1' ],
26 silly audit   'lightningcss-darwin-x64': [ '1.30.1' ],
26 silly audit   'lightningcss-freebsd-x64': [ '1.30.1' ],
26 silly audit   'lightningcss-linux-arm-gnueabihf': [ '1.30.1' ],
26 silly audit   'lightningcss-linux-arm64-gnu': [ '1.30.1' ],
26 silly audit   'lightningcss-linux-arm64-musl': [ '1.30.1' ],
26 silly audit   'lightningcss-linux-x64-gnu': [ '1.30.1' ],
26 silly audit   'lightningcss-linux-x64-musl': [ '1.30.1' ],
26 silly audit   'lightningcss-win32-arm64-msvc': [ '1.30.1' ],
26 silly audit   'lightningcss-win32-x64-msvc': [ '1.30.1' ],
26 silly audit   'lines-and-columns': [ '1.2.4' ],
26 silly audit   'lint-staged': [ '16.2.4' ],
26 silly audit   listr2: [ '9.0.4' ],
26 silly audit   'lodash.camelcase': [ '4.3.0' ],
26 silly audit   'lodash.debounce': [ '4.0.8' ],
26 silly audit   'lodash.isplainobject': [ '4.0.6' ],
26 silly audit   'lodash.kebabcase': [ '4.1.1' ],
26 silly audit   'lodash.merge': [ '4.6.2' ],
26 silly audit   'lodash.mergewith': [ '4.6.2' ],
26 silly audit   'lodash.snakecase': [ '4.1.1' ],
26 silly audit   'lodash.startcase': [ '4.4.0' ],
26 silly audit   'lodash.uniq': [ '4.5.0' ],
26 silly audit   'lodash.upperfirst': [ '4.3.1' ],
26 silly audit   'log-update': [ '6.1.0' ],
26 silly audit   'loose-envify': [ '1.4.0' ],
26 silly audit   loupe: [ '3.2.1' ],
26 silly audit   'lower-case': [ '2.0.2' ],
26 silly audit   'lz-string': [ '1.5.0' ],
26 silly audit   'magic-string': [ '0.30.19' ],
26 silly audit   'math-intrinsics': [ '1.1.0' ],
26 silly audit   meow: [ '12.1.1' ],
26 silly audit   merge2: [ '1.4.1' ],
26 silly audit   micromatch: [ '4.0.8' ],
26 silly audit   'mimic-function': [ '5.0.1' ],
26 silly audit   'min-indent': [ '1.0.1' ],
26 silly audit   minimist: [ '1.2.8' ],
26 silly audit   minipass: [ '7.1.2' ],
26 silly audit   minizlib: [ '3.1.0' ],
26 silly audit   ms: [ '2.1.3' ],
26 silly audit   'nano-spawn': [ '2.0.0' ],
26 silly audit   nanoid: [ '3.3.11' ],
26 silly audit   'napi-postinstall': [ '0.3.4' ],
26 silly audit   'natural-compare': [ '1.4.0' ],
26 silly audit   next: [ '15.5.4' ],
26 silly audit   postcss: [ '8.4.31', '8.5.6' ],
26 silly audit   'no-case': [ '3.0.4' ],
26 silly audit   'node-releases': [ '2.0.23' ],
26 silly audit   'nth-check': [ '2.1.1' ],
26 silly audit   'object-assign': [ '4.1.1' ],
26 silly audit   'object-inspect': [ '1.13.4' ],
26 silly audit   'object-keys': [ '1.1.1' ],
26 silly audit   'object.assign': [ '4.1.7' ],
26 silly audit   'object.entries': [ '1.1.9' ],
26 silly audit   'object.fromentries': [ '2.0.8' ],
26 silly audit   'object.groupby': [ '1.0.3' ],
26 silly audit   'object.values': [ '1.2.1' ],
26 silly audit   onetime: [ '7.0.0' ],
26 silly audit   optionator: [ '0.9.4' ],
26 silly audit   'own-keys': [ '1.0.1' ],
26 silly audit   'parent-module': [ '1.0.1' ],
26 silly audit   'parse-json': [ '5.2.0' ],
26 silly audit   parse5: [ '7.3.0' ],
26 silly audit   'path-key': [ '3.1.1' ],
26 silly audit   'path-parse': [ '1.0.7' ],
26 silly audit   'path-type': [ '4.0.0' ],
26 silly audit   pathe: [ '2.0.3' ],
26 silly audit   pathval: [ '2.0.1' ],
26 silly audit   picocolors: [ '1.1.1' ],
26 silly audit   picomatch: [ '2.3.1', '4.0.3' ],
26 silly audit   pidtree: [ '0.6.0' ],
26 silly audit   'possible-typed-array-names': [ '1.1.0' ],
26 silly audit   'prelude-ls': [ '1.2.1' ],
26 silly audit   prettier: [ '3.6.2' ],
26 silly audit   'prettier-linter-helpers': [ '1.0.0' ],
26 silly audit   'pretty-format': [ '27.5.1' ],
26 silly audit   'prop-types': [ '15.8.1' ],
26 silly audit   'react-is': [ '16.13.1', '17.0.2' ],
26 silly audit   punycode: [ '2.3.1' ],
26 silly audit   'queue-microtask': [ '1.2.3' ],
26 silly audit   react: [ '19.1.0' ],
26 silly audit   'react-dom': [ '19.1.0' ],
26 silly audit   'react-refresh': [ '0.17.0' ],
26 silly audit   redent: [ '3.0.0' ],
26 silly audit   'reflect.getprototypeof': [ '1.0.10' ],
26 silly audit   regenerate: [ '1.4.2' ],
26 silly audit   'regenerate-unicode-properties': [ '10.2.2' ],
26 silly audit   'regexp.prototype.flags': [ '1.5.4' ],
26 silly audit   'regexpu-core': [ '6.4.0' ],
26 silly audit   regjsgen: [ '0.8.0' ],
26 silly audit   regjsparser: [ '0.13.0' ],
26 silly audit   'require-directory': [ '2.1.1' ],
26 silly audit   'require-from-string': [ '2.0.2' ],
26 silly audit   'resolve-pkg-maps': [ '1.0.0' ],
26 silly audit   'restore-cursor': [ '5.1.0' ],
26 silly audit   reusify: [ '1.1.0' ],
26 silly audit   rfdc: [ '1.4.1' ],
26 silly audit   rollup: [ '4.52.4' ],
26 silly audit   'rrweb-cssom': [ '0.8.0' ],
26 silly audit   'run-parallel': [ '1.2.0' ],
26 silly audit   'safe-array-concat': [ '1.1.3' ],
26 silly audit   'safe-push-apply': [ '1.0.0' ],
26 silly audit   'safe-regex-test': [ '1.1.0' ],
26 silly audit   'safer-buffer': [ '2.1.2' ],
26 silly audit   saxes: [ '6.0.0' ],
26 silly audit   scheduler: [ '0.26.0' ],
26 silly audit   'set-function-length': [ '1.2.2' ],
26 silly audit   'set-function-name': [ '2.0.2' ],
26 silly audit   'set-proto': [ '1.0.0' ],
26 silly audit   sharp: [ '0.34.4' ],
26 silly audit   'shebang-command': [ '2.0.0' ],
26 silly audit   'shebang-regex': [ '3.0.0' ],
26 silly audit   'side-channel': [ '1.1.0' ],
26 silly audit   'side-channel-list': [ '1.0.0' ],
26 silly audit   'side-channel-map': [ '1.0.1' ],
26 silly audit   'side-channel-weakmap': [ '1.0.2' ],
26 silly audit   siginfo: [ '2.0.0' ],
26 silly audit   'signal-exit': [ '4.1.0' ],
26 silly audit   'slice-ansi': [ '7.1.2' ],
26 silly audit   'snake-case': [ '3.0.4' ],
26 silly audit   'source-map-js': [ '1.2.1' ],
26 silly audit   split2: [ '4.2.0' ],
26 silly audit   'stable-hash': [ '0.0.5' ],
26 silly audit   stackback: [ '0.0.2' ],
26 silly audit   'std-env': [ '3.9.0' ],
26 silly audit   'stop-iteration-iterator': [ '1.1.0' ],
26 silly audit   'string-argv': [ '0.3.2' ],
26 silly audit   'string.prototype.includes': [ '2.0.1' ],
26 silly audit   'string.prototype.matchall': [ '4.0.12' ],
26 silly audit   'string.prototype.repeat': [ '1.0.0' ],
26 silly audit   'string.prototype.trim': [ '1.2.10' ],
26 silly audit   'string.prototype.trimend': [ '1.0.9' ],
26 silly audit   'string.prototype.trimstart': [ '1.0.8' ],
26 silly audit   'strip-bom': [ '3.0.0' ],
26 silly audit   'strip-indent': [ '3.0.0' ],
26 silly audit   'strip-json-comments': [ '3.1.1' ],
26 silly audit   'strip-literal': [ '3.1.0' ],
26 silly audit   'styled-jsx': [ '5.1.6' ],
26 silly audit   'supports-color': [ '7.2.0' ],
26 silly audit   'supports-preserve-symlinks-flag': [ '1.0.0' ],
26 silly audit   'svg-parser': [ '2.0.4' ],
26 silly audit   svgo: [ '3.3.2' ],
26 silly audit   'symbol-tree': [ '3.2.4' ],
26 silly audit   synckit: [ '0.11.11' ],
26 silly audit   tailwindcss: [ '4.1.14' ],
26 silly audit   tapable: [ '2.3.0' ],
26 silly audit   tar: [ '7.5.1' ],
26 silly audit   yallist: [ '5.0.0', '3.1.1' ],
26 silly audit   'text-extensions': [ '2.4.0' ],
26 silly audit   through: [ '2.3.8' ],
26 silly audit   tinybench: [ '2.9.0' ],
26 silly audit   tinyexec: [ '1.0.1', '0.3.2' ],
26 silly audit   tinyglobby: [ '0.2.15' ],
26 silly audit   fdir: [ '6.5.0' ],
26 silly audit   tinypool: [ '1.1.1' ],
26 silly audit   tinyrainbow: [ '2.0.0' ],
26 silly audit   tinyspy: [ '4.0.4' ],
26 silly audit   tldts: [ '7.0.17' ],
26 silly audit   'tldts-core': [ '7.0.17' ],
26 silly audit   'to-regex-range': [ '5.0.1' ],
26 silly audit   'tough-cookie': [ '6.0.0' ],
26 silly audit   tr46: [ '6.0.0' ],
26 silly audit   'ts-api-utils': [ '2.1.0' ],
26 silly audit   'tsconfig-paths': [ '3.15.0' ],
26 silly audit   tslib: [ '2.8.1' ],
26 silly audit   'type-check': [ '0.4.0' ],
26 silly audit   'typed-array-buffer': [ '1.0.3' ],
26 silly audit   'typed-array-byte-length': [ '1.0.3' ],
26 silly audit   'typed-array-byte-offset': [ '1.0.4' ],
26 silly audit   'typed-array-length': [ '1.0.7' ],
26 silly audit   typescript: [ '5.9.3' ],
26 silly audit   'unbox-primitive': [ '1.1.0' ],
26 silly audit   'undici-types': [ '6.21.0' ],
26 silly audit   'unicode-canonical-property-names-ecmascript': [ '2.0.1' ],
26 silly audit   'unicode-match-property-ecmascript': [ '2.0.0' ],
26 silly audit   'unicode-match-property-value-ecmascript': [ '2.2.1' ],
26 silly audit   'unicode-property-aliases-ecmascript': [ '2.2.0' ],
26 silly audit   'unicorn-magic': [ '0.1.0' ],
26 silly audit   'unrs-resolver': [ '1.11.1' ],
26 silly audit   'update-browserslist-db': [ '1.1.3' ],
26 silly audit   'uri-js': [ '4.4.1' ],
26 silly audit   vite: [ '7.1.9' ],
26 silly audit   'vite-node': [ '3.2.4' ],
26 silly audit   vitest: [ '3.2.4' ],
26 silly audit   'w3c-xmlserializer': [ '5.0.0' ],
26 silly audit   'webidl-conversions': [ '8.0.0' ],
26 silly audit   'whatwg-encoding': [ '3.1.1' ],
26 silly audit   'whatwg-mimetype': [ '4.0.0' ],
26 silly audit   'whatwg-url': [ '15.1.0' ],
26 silly audit   which: [ '2.0.2' ],
26 silly audit   'which-boxed-primitive': [ '1.1.1' ],
26 silly audit   'which-builtin-type': [ '1.2.1' ],
26 silly audit   'which-collection': [ '1.0.2' ],
26 silly audit   'which-typed-array': [ '1.1.19' ],
26 silly audit   'why-is-node-running': [ '2.3.0' ],
26 silly audit   'word-wrap': [ '1.2.5' ],
26 silly audit   ws: [ '8.18.3' ],
26 silly audit   'xml-name-validator': [ '5.0.0' ],
26 silly audit   xmlchars: [ '2.2.0' ],
26 silly audit   y18n: [ '5.0.8' ],
26 silly audit   yaml: [ '2.8.1' ],
26 silly audit   yargs: [ '17.7.2' ],
26 silly audit   'yargs-parser': [ '21.1.1' ],
26 silly audit   zustand: [ '5.0.8' ],
26 silly audit   'lucide-react': [ '0.545.0' ],
26 silly audit   '@tailwindcss/oxide-wasm32-wasi': [ '4.1.14' ]
26 silly audit }
27 verbose reify failed optional dependency D:\CMP\frontend\node_modules\lightningcss-win32-arm64-msvc
28 silly reify mark deleted [ 'D:\\CMP\\frontend\\node_modules\\lightningcss-win32-arm64-msvc' ]
29 verbose reify failed optional dependency D:\CMP\frontend\node_modules\lightningcss-linux-x64-musl
30 silly reify mark deleted [ 'D:\\CMP\\frontend\\node_modules\\lightningcss-linux-x64-musl' ]
31 verbose reify failed optional dependency D:\CMP\frontend\node_modules\lightningcss-linux-x64-gnu
32 silly reify mark deleted [ 'D:\\CMP\\frontend\\node_modules\\lightningcss-linux-x64-gnu' ]
33 verbose reify failed optional dependency D:\CMP\frontend\node_modules\lightningcss-linux-arm64-musl
34 silly reify mark deleted [ 'D:\\CMP\\frontend\\node_modules\\lightningcss-linux-arm64-musl' ]
35 verbose reify failed optional dependency D:\CMP\frontend\node_modules\lightningcss-linux-arm64-gnu
36 silly reify mark deleted [ 'D:\\CMP\\frontend\\node_modules\\lightningcss-linux-arm64-gnu' ]
37 verbose reify failed optional dependency D:\CMP\frontend\node_modules\lightningcss-linux-arm-gnueabihf
38 silly reify mark deleted [ 'D:\\CMP\\frontend\\node_modules\\lightningcss-linux-arm-gnueabihf' ]
39 verbose reify failed optional dependency D:\CMP\frontend\node_modules\lightningcss-freebsd-x64
40 silly reify mark deleted [ 'D:\\CMP\\frontend\\node_modules\\lightningcss-freebsd-x64' ]
41 verbose reify failed optional dependency D:\CMP\frontend\node_modules\lightningcss-darwin-x64
42 silly reify mark deleted [ 'D:\\CMP\\frontend\\node_modules\\lightningcss-darwin-x64' ]
43 verbose reify failed optional dependency D:\CMP\frontend\node_modules\lightningcss-darwin-arm64
44 silly reify mark deleted [ 'D:\\CMP\\frontend\\node_modules\\lightningcss-darwin-arm64' ]
45 verbose reify failed optional dependency D:\CMP\frontend\node_modules\fsevents
46 silly reify mark deleted [ 'D:\\CMP\\frontend\\node_modules\\fsevents' ]
47 verbose reify failed optional dependency D:\CMP\frontend\node_modules\@unrs\resolver-binding-win32-ia32-msvc
48 silly reify mark deleted [
48 silly reify   'D:\\CMP\\frontend\\node_modules\\@unrs\\resolver-binding-win32-ia32-msvc'
48 silly reify ]
49 verbose reify failed optional dependency D:\CMP\frontend\node_modules\@unrs\resolver-binding-win32-arm64-msvc
50 silly reify mark deleted [
50 silly reify   'D:\\CMP\\frontend\\node_modules\\@unrs\\resolver-binding-win32-arm64-msvc'
50 silly reify ]
51 verbose reify failed optional dependency D:\CMP\frontend\node_modules\@unrs\resolver-binding-wasm32-wasi
52 silly reify mark deleted [
52 silly reify   'D:\\CMP\\frontend\\node_modules\\@unrs\\resolver-binding-wasm32-wasi'
52 silly reify ]
53 verbose reify failed optional dependency D:\CMP\frontend\node_modules\@unrs\resolver-binding-linux-x64-musl
54 silly reify mark deleted [
54 silly reify   'D:\\CMP\\frontend\\node_modules\\@unrs\\resolver-binding-linux-x64-musl'
54 silly reify ]
55 verbose reify failed optional dependency D:\CMP\frontend\node_modules\@unrs\resolver-binding-linux-x64-gnu
56 silly reify mark deleted [
56 silly reify   'D:\\CMP\\frontend\\node_modules\\@unrs\\resolver-binding-linux-x64-gnu'
56 silly reify ]
57 verbose reify failed optional dependency D:\CMP\frontend\node_modules\@unrs\resolver-binding-linux-s390x-gnu
58 silly reify mark deleted [
58 silly reify   'D:\\CMP\\frontend\\node_modules\\@unrs\\resolver-binding-linux-s390x-gnu'
58 silly reify ]
59 verbose reify failed optional dependency D:\CMP\frontend\node_modules\@unrs\resolver-binding-linux-riscv64-musl
60 silly reify mark deleted [
60 silly reify   'D:\\CMP\\frontend\\node_modules\\@unrs\\resolver-binding-linux-riscv64-musl'
60 silly reify ]
61 verbose reify failed optional dependency D:\CMP\frontend\node_modules\@unrs\resolver-binding-linux-riscv64-gnu
62 silly reify mark deleted [
62 silly reify   'D:\\CMP\\frontend\\node_modules\\@unrs\\resolver-binding-linux-riscv64-gnu'
62 silly reify ]
63 verbose reify failed optional dependency D:\CMP\frontend\node_modules\@unrs\resolver-binding-linux-ppc64-gnu
64 silly reify mark deleted [
64 silly reify   'D:\\CMP\\frontend\\node_modules\\@unrs\\resolver-binding-linux-ppc64-gnu'
64 silly reify ]
65 verbose reify failed optional dependency D:\CMP\frontend\node_modules\@unrs\resolver-binding-linux-arm64-musl
66 silly reify mark deleted [
66 silly reify   'D:\\CMP\\frontend\\node_modules\\@unrs\\resolver-binding-linux-arm64-musl'
66 silly reify ]
67 verbose reify failed optional dependency D:\CMP\frontend\node_modules\@unrs\resolver-binding-linux-arm64-gnu
68 silly reify mark deleted [
68 silly reify   'D:\\CMP\\frontend\\node_modules\\@unrs\\resolver-binding-linux-arm64-gnu'
68 silly reify ]
69 verbose reify failed optional dependency D:\CMP\frontend\node_modules\@unrs\resolver-binding-linux-arm-musleabihf
70 silly reify mark deleted [
70 silly reify   'D:\\CMP\\frontend\\node_modules\\@unrs\\resolver-binding-linux-arm-musleabihf'
70 silly reify ]
71 verbose reify failed optional dependency D:\CMP\frontend\node_modules\@unrs\resolver-binding-linux-arm-gnueabihf
72 silly reify mark deleted [
72 silly reify   'D:\\CMP\\frontend\\node_modules\\@unrs\\resolver-binding-linux-arm-gnueabihf'
72 silly reify ]
73 verbose reify failed optional dependency D:\CMP\frontend\node_modules\@unrs\resolver-binding-freebsd-x64
74 silly reify mark deleted [
74 silly reify   'D:\\CMP\\frontend\\node_modules\\@unrs\\resolver-binding-freebsd-x64'
74 silly reify ]
75 verbose reify failed optional dependency D:\CMP\frontend\node_modules\@unrs\resolver-binding-darwin-x64
76 silly reify mark deleted [
76 silly reify   'D:\\CMP\\frontend\\node_modules\\@unrs\\resolver-binding-darwin-x64'
76 silly reify ]
77 verbose reify failed optional dependency D:\CMP\frontend\node_modules\@unrs\resolver-binding-darwin-arm64
78 silly reify mark deleted [
78 silly reify   'D:\\CMP\\frontend\\node_modules\\@unrs\\resolver-binding-darwin-arm64'
78 silly reify ]
79 verbose reify failed optional dependency D:\CMP\frontend\node_modules\@unrs\resolver-binding-android-arm64
80 silly reify mark deleted [
80 silly reify   'D:\\CMP\\frontend\\node_modules\\@unrs\\resolver-binding-android-arm64'
80 silly reify ]
81 verbose reify failed optional dependency D:\CMP\frontend\node_modules\@unrs\resolver-binding-android-arm-eabi
82 silly reify mark deleted [
82 silly reify   'D:\\CMP\\frontend\\node_modules\\@unrs\\resolver-binding-android-arm-eabi'
82 silly reify ]
83 verbose reify failed optional dependency D:\CMP\frontend\node_modules\@tailwindcss\oxide-win32-arm64-msvc
84 silly reify mark deleted [
84 silly reify   'D:\\CMP\\frontend\\node_modules\\@tailwindcss\\oxide-win32-arm64-msvc'
84 silly reify ]
85 verbose reify failed optional dependency D:\CMP\frontend\node_modules\@tailwindcss\oxide-linux-x64-musl
86 silly reify mark deleted [
86 silly reify   'D:\\CMP\\frontend\\node_modules\\@tailwindcss\\oxide-linux-x64-musl'
86 silly reify ]
87 verbose reify failed optional dependency D:\CMP\frontend\node_modules\@tailwindcss\oxide-linux-x64-gnu
88 silly reify mark deleted [
88 silly reify   'D:\\CMP\\frontend\\node_modules\\@tailwindcss\\oxide-linux-x64-gnu'
88 silly reify ]
89 verbose reify failed optional dependency D:\CMP\frontend\node_modules\@tailwindcss\oxide-linux-arm64-musl
90 silly reify mark deleted [
90 silly reify   'D:\\CMP\\frontend\\node_modules\\@tailwindcss\\oxide-linux-arm64-musl'
90 silly reify ]
91 verbose reify failed optional dependency D:\CMP\frontend\node_modules\@tailwindcss\oxide-linux-arm64-gnu
92 silly reify mark deleted [
92 silly reify   'D:\\CMP\\frontend\\node_modules\\@tailwindcss\\oxide-linux-arm64-gnu'
92 silly reify ]
93 verbose reify failed optional dependency D:\CMP\frontend\node_modules\@tailwindcss\oxide-linux-arm-gnueabihf
94 silly reify mark deleted [
94 silly reify   'D:\\CMP\\frontend\\node_modules\\@tailwindcss\\oxide-linux-arm-gnueabihf'
94 silly reify ]
95 verbose reify failed optional dependency D:\CMP\frontend\node_modules\@tailwindcss\oxide-freebsd-x64
96 silly reify mark deleted [ 'D:\\CMP\\frontend\\node_modules\\@tailwindcss\\oxide-freebsd-x64' ]
97 verbose reify failed optional dependency D:\CMP\frontend\node_modules\@tailwindcss\oxide-darwin-x64
98 silly reify mark deleted [ 'D:\\CMP\\frontend\\node_modules\\@tailwindcss\\oxide-darwin-x64' ]
99 verbose reify failed optional dependency D:\CMP\frontend\node_modules\@tailwindcss\oxide-darwin-arm64
100 silly reify mark deleted [ 'D:\\CMP\\frontend\\node_modules\\@tailwindcss\\oxide-darwin-arm64' ]
101 verbose reify failed optional dependency D:\CMP\frontend\node_modules\@tailwindcss\oxide-android-arm64
102 silly reify mark deleted [
102 silly reify   'D:\\CMP\\frontend\\node_modules\\@tailwindcss\\oxide-android-arm64'
102 silly reify ]
103 verbose reify failed optional dependency D:\CMP\frontend\node_modules\@rollup\rollup-win32-ia32-msvc
104 silly reify mark deleted [ 'D:\\CMP\\frontend\\node_modules\\@rollup\\rollup-win32-ia32-msvc' ]
105 verbose reify failed optional dependency D:\CMP\frontend\node_modules\@rollup\rollup-win32-arm64-msvc
106 silly reify mark deleted [ 'D:\\CMP\\frontend\\node_modules\\@rollup\\rollup-win32-arm64-msvc' ]
107 verbose reify failed optional dependency D:\CMP\frontend\node_modules\@rollup\rollup-openharmony-arm64
108 silly reify mark deleted [
108 silly reify   'D:\\CMP\\frontend\\node_modules\\@rollup\\rollup-openharmony-arm64'
108 silly reify ]
109 verbose reify failed optional dependency D:\CMP\frontend\node_modules\@rollup\rollup-linux-x64-musl
110 silly reify mark deleted [ 'D:\\CMP\\frontend\\node_modules\\@rollup\\rollup-linux-x64-musl' ]
111 verbose reify failed optional dependency D:\CMP\frontend\node_modules\@rollup\rollup-linux-x64-gnu
112 silly reify mark deleted [ 'D:\\CMP\\frontend\\node_modules\\@rollup\\rollup-linux-x64-gnu' ]
113 verbose reify failed optional dependency D:\CMP\frontend\node_modules\@rollup\rollup-linux-s390x-gnu
114 silly reify mark deleted [ 'D:\\CMP\\frontend\\node_modules\\@rollup\\rollup-linux-s390x-gnu' ]
115 verbose reify failed optional dependency D:\CMP\frontend\node_modules\@rollup\rollup-linux-riscv64-musl
116 silly reify mark deleted [
116 silly reify   'D:\\CMP\\frontend\\node_modules\\@rollup\\rollup-linux-riscv64-musl'
116 silly reify ]
117 verbose reify failed optional dependency D:\CMP\frontend\node_modules\@rollup\rollup-linux-riscv64-gnu
118 silly reify mark deleted [
118 silly reify   'D:\\CMP\\frontend\\node_modules\\@rollup\\rollup-linux-riscv64-gnu'
118 silly reify ]
119 verbose reify failed optional dependency D:\CMP\frontend\node_modules\@rollup\rollup-linux-ppc64-gnu
120 silly reify mark deleted [ 'D:\\CMP\\frontend\\node_modules\\@rollup\\rollup-linux-ppc64-gnu' ]
121 verbose reify failed optional dependency D:\CMP\frontend\node_modules\@rollup\rollup-linux-loong64-gnu
122 silly reify mark deleted [
122 silly reify   'D:\\CMP\\frontend\\node_modules\\@rollup\\rollup-linux-loong64-gnu'
122 silly reify ]
123 verbose reify failed optional dependency D:\CMP\frontend\node_modules\@rollup\rollup-linux-arm64-musl
124 silly reify mark deleted [ 'D:\\CMP\\frontend\\node_modules\\@rollup\\rollup-linux-arm64-musl' ]
125 verbose reify failed optional dependency D:\CMP\frontend\node_modules\@rollup\rollup-linux-arm64-gnu
126 silly reify mark deleted [ 'D:\\CMP\\frontend\\node_modules\\@rollup\\rollup-linux-arm64-gnu' ]
127 verbose reify failed optional dependency D:\CMP\frontend\node_modules\@rollup\rollup-linux-arm-musleabihf
128 silly reify mark deleted [
128 silly reify   'D:\\CMP\\frontend\\node_modules\\@rollup\\rollup-linux-arm-musleabihf'
128 silly reify ]
129 verbose reify failed optional dependency D:\CMP\frontend\node_modules\@rollup\rollup-linux-arm-gnueabihf
130 silly reify mark deleted [
130 silly reify   'D:\\CMP\\frontend\\node_modules\\@rollup\\rollup-linux-arm-gnueabihf'
130 silly reify ]
131 verbose reify failed optional dependency D:\CMP\frontend\node_modules\@rollup\rollup-freebsd-x64
132 silly reify mark deleted [ 'D:\\CMP\\frontend\\node_modules\\@rollup\\rollup-freebsd-x64' ]
133 verbose reify failed optional dependency D:\CMP\frontend\node_modules\@rollup\rollup-freebsd-arm64
134 silly reify mark deleted [ 'D:\\CMP\\frontend\\node_modules\\@rollup\\rollup-freebsd-arm64' ]
135 verbose reify failed optional dependency D:\CMP\frontend\node_modules\@rollup\rollup-darwin-x64
136 silly reify mark deleted [ 'D:\\CMP\\frontend\\node_modules\\@rollup\\rollup-darwin-x64' ]
137 verbose reify failed optional dependency D:\CMP\frontend\node_modules\@rollup\rollup-darwin-arm64
138 silly reify mark deleted [ 'D:\\CMP\\frontend\\node_modules\\@rollup\\rollup-darwin-arm64' ]
139 verbose reify failed optional dependency D:\CMP\frontend\node_modules\@rollup\rollup-android-arm64
140 silly reify mark deleted [ 'D:\\CMP\\frontend\\node_modules\\@rollup\\rollup-android-arm64' ]
141 verbose reify failed optional dependency D:\CMP\frontend\node_modules\@rollup\rollup-android-arm-eabi
142 silly reify mark deleted [ 'D:\\CMP\\frontend\\node_modules\\@rollup\\rollup-android-arm-eabi' ]
143 verbose reify failed optional dependency D:\CMP\frontend\node_modules\@next\swc-win32-arm64-msvc
144 silly reify mark deleted [ 'D:\\CMP\\frontend\\node_modules\\@next\\swc-win32-arm64-msvc' ]
145 verbose reify failed optional dependency D:\CMP\frontend\node_modules\@next\swc-linux-x64-musl
146 silly reify mark deleted [ 'D:\\CMP\\frontend\\node_modules\\@next\\swc-linux-x64-musl' ]
147 verbose reify failed optional dependency D:\CMP\frontend\node_modules\@next\swc-linux-x64-gnu
148 silly reify mark deleted [ 'D:\\CMP\\frontend\\node_modules\\@next\\swc-linux-x64-gnu' ]
149 verbose reify failed optional dependency D:\CMP\frontend\node_modules\@next\swc-linux-arm64-musl
150 silly reify mark deleted [ 'D:\\CMP\\frontend\\node_modules\\@next\\swc-linux-arm64-musl' ]
151 verbose reify failed optional dependency D:\CMP\frontend\node_modules\@next\swc-linux-arm64-gnu
152 silly reify mark deleted [ 'D:\\CMP\\frontend\\node_modules\\@next\\swc-linux-arm64-gnu' ]
153 verbose reify failed optional dependency D:\CMP\frontend\node_modules\@next\swc-darwin-x64
154 silly reify mark deleted [ 'D:\\CMP\\frontend\\node_modules\\@next\\swc-darwin-x64' ]
155 verbose reify failed optional dependency D:\CMP\frontend\node_modules\@next\swc-darwin-arm64
156 silly reify mark deleted [ 'D:\\CMP\\frontend\\node_modules\\@next\\swc-darwin-arm64' ]
157 verbose reify failed optional dependency D:\CMP\frontend\node_modules\@img\sharp-win32-ia32
158 silly reify mark deleted [ 'D:\\CMP\\frontend\\node_modules\\@img\\sharp-win32-ia32' ]
159 verbose reify failed optional dependency D:\CMP\frontend\node_modules\@img\sharp-win32-arm64
160 silly reify mark deleted [ 'D:\\CMP\\frontend\\node_modules\\@img\\sharp-win32-arm64' ]
161 verbose reify failed optional dependency D:\CMP\frontend\node_modules\@img\sharp-wasm32
162 silly reify mark deleted [ 'D:\\CMP\\frontend\\node_modules\\@img\\sharp-wasm32' ]
163 verbose reify failed optional dependency D:\CMP\frontend\node_modules\@img\sharp-linuxmusl-x64
164 silly reify mark deleted [ 'D:\\CMP\\frontend\\node_modules\\@img\\sharp-linuxmusl-x64' ]
165 verbose reify failed optional dependency D:\CMP\frontend\node_modules\@img\sharp-linuxmusl-arm64
166 silly reify mark deleted [ 'D:\\CMP\\frontend\\node_modules\\@img\\sharp-linuxmusl-arm64' ]
167 verbose reify failed optional dependency D:\CMP\frontend\node_modules\@img\sharp-linux-x64
168 silly reify mark deleted [ 'D:\\CMP\\frontend\\node_modules\\@img\\sharp-linux-x64' ]
169 verbose reify failed optional dependency D:\CMP\frontend\node_modules\@img\sharp-linux-s390x
170 silly reify mark deleted [ 'D:\\CMP\\frontend\\node_modules\\@img\\sharp-linux-s390x' ]
171 verbose reify failed optional dependency D:\CMP\frontend\node_modules\@img\sharp-linux-ppc64
172 silly reify mark deleted [ 'D:\\CMP\\frontend\\node_modules\\@img\\sharp-linux-ppc64' ]
173 verbose reify failed optional dependency D:\CMP\frontend\node_modules\@img\sharp-linux-arm64
174 silly reify mark deleted [ 'D:\\CMP\\frontend\\node_modules\\@img\\sharp-linux-arm64' ]
175 verbose reify failed optional dependency D:\CMP\frontend\node_modules\@img\sharp-linux-arm
176 silly reify mark deleted [ 'D:\\CMP\\frontend\\node_modules\\@img\\sharp-linux-arm' ]
177 verbose reify failed optional dependency D:\CMP\frontend\node_modules\@img\sharp-libvips-linuxmusl-x64
178 silly reify mark deleted [
178 silly reify   'D:\\CMP\\frontend\\node_modules\\@img\\sharp-libvips-linuxmusl-x64'
178 silly reify ]
179 verbose reify failed optional dependency D:\CMP\frontend\node_modules\@img\sharp-libvips-linuxmusl-arm64
180 silly reify mark deleted [
180 silly reify   'D:\\CMP\\frontend\\node_modules\\@img\\sharp-libvips-linuxmusl-arm64'
180 silly reify ]
181 verbose reify failed optional dependency D:\CMP\frontend\node_modules\@img\sharp-libvips-linux-x64
182 silly reify mark deleted [ 'D:\\CMP\\frontend\\node_modules\\@img\\sharp-libvips-linux-x64' ]
183 verbose reify failed optional dependency D:\CMP\frontend\node_modules\@img\sharp-libvips-linux-s390x
184 silly reify mark deleted [ 'D:\\CMP\\frontend\\node_modules\\@img\\sharp-libvips-linux-s390x' ]
185 verbose reify failed optional dependency D:\CMP\frontend\node_modules\@img\sharp-libvips-linux-ppc64
186 silly reify mark deleted [ 'D:\\CMP\\frontend\\node_modules\\@img\\sharp-libvips-linux-ppc64' ]
187 verbose reify failed optional dependency D:\CMP\frontend\node_modules\@img\sharp-libvips-linux-arm64
188 silly reify mark deleted [ 'D:\\CMP\\frontend\\node_modules\\@img\\sharp-libvips-linux-arm64' ]
189 verbose reify failed optional dependency D:\CMP\frontend\node_modules\@img\sharp-libvips-linux-arm
190 silly reify mark deleted [ 'D:\\CMP\\frontend\\node_modules\\@img\\sharp-libvips-linux-arm' ]
191 verbose reify failed optional dependency D:\CMP\frontend\node_modules\@img\sharp-libvips-darwin-x64
192 silly reify mark deleted [ 'D:\\CMP\\frontend\\node_modules\\@img\\sharp-libvips-darwin-x64' ]
193 verbose reify failed optional dependency D:\CMP\frontend\node_modules\@img\sharp-libvips-darwin-arm64
194 silly reify mark deleted [ 'D:\\CMP\\frontend\\node_modules\\@img\\sharp-libvips-darwin-arm64' ]
195 verbose reify failed optional dependency D:\CMP\frontend\node_modules\@img\sharp-darwin-x64
196 silly reify mark deleted [ 'D:\\CMP\\frontend\\node_modules\\@img\\sharp-darwin-x64' ]
197 verbose reify failed optional dependency D:\CMP\frontend\node_modules\@img\sharp-darwin-arm64
198 silly reify mark deleted [ 'D:\\CMP\\frontend\\node_modules\\@img\\sharp-darwin-arm64' ]
199 verbose reify failed optional dependency D:\CMP\frontend\node_modules\@esbuild\win32-ia32
200 silly reify mark deleted [ 'D:\\CMP\\frontend\\node_modules\\@esbuild\\win32-ia32' ]
201 verbose reify failed optional dependency D:\CMP\frontend\node_modules\@esbuild\win32-arm64
202 silly reify mark deleted [ 'D:\\CMP\\frontend\\node_modules\\@esbuild\\win32-arm64' ]
203 verbose reify failed optional dependency D:\CMP\frontend\node_modules\@esbuild\sunos-x64
204 silly reify mark deleted [ 'D:\\CMP\\frontend\\node_modules\\@esbuild\\sunos-x64' ]
205 verbose reify failed optional dependency D:\CMP\frontend\node_modules\@esbuild\openharmony-arm64
206 silly reify mark deleted [ 'D:\\CMP\\frontend\\node_modules\\@esbuild\\openharmony-arm64' ]
207 verbose reify failed optional dependency D:\CMP\frontend\node_modules\@esbuild\openbsd-x64
208 silly reify mark deleted [ 'D:\\CMP\\frontend\\node_modules\\@esbuild\\openbsd-x64' ]
209 verbose reify failed optional dependency D:\CMP\frontend\node_modules\@esbuild\openbsd-arm64
210 silly reify mark deleted [ 'D:\\CMP\\frontend\\node_modules\\@esbuild\\openbsd-arm64' ]
211 verbose reify failed optional dependency D:\CMP\frontend\node_modules\@esbuild\netbsd-x64
212 silly reify mark deleted [ 'D:\\CMP\\frontend\\node_modules\\@esbuild\\netbsd-x64' ]
213 verbose reify failed optional dependency D:\CMP\frontend\node_modules\@esbuild\netbsd-arm64
214 silly reify mark deleted [ 'D:\\CMP\\frontend\\node_modules\\@esbuild\\netbsd-arm64' ]
215 verbose reify failed optional dependency D:\CMP\frontend\node_modules\@esbuild\linux-x64
216 silly reify mark deleted [ 'D:\\CMP\\frontend\\node_modules\\@esbuild\\linux-x64' ]
217 verbose reify failed optional dependency D:\CMP\frontend\node_modules\@esbuild\linux-s390x
218 silly reify mark deleted [ 'D:\\CMP\\frontend\\node_modules\\@esbuild\\linux-s390x' ]
219 verbose reify failed optional dependency D:\CMP\frontend\node_modules\@esbuild\linux-riscv64
220 silly reify mark deleted [ 'D:\\CMP\\frontend\\node_modules\\@esbuild\\linux-riscv64' ]
221 verbose reify failed optional dependency D:\CMP\frontend\node_modules\@esbuild\linux-ppc64
222 silly reify mark deleted [ 'D:\\CMP\\frontend\\node_modules\\@esbuild\\linux-ppc64' ]
223 verbose reify failed optional dependency D:\CMP\frontend\node_modules\@esbuild\linux-mips64el
224 silly reify mark deleted [ 'D:\\CMP\\frontend\\node_modules\\@esbuild\\linux-mips64el' ]
225 verbose reify failed optional dependency D:\CMP\frontend\node_modules\@esbuild\linux-loong64
226 silly reify mark deleted [ 'D:\\CMP\\frontend\\node_modules\\@esbuild\\linux-loong64' ]
227 verbose reify failed optional dependency D:\CMP\frontend\node_modules\@esbuild\linux-ia32
228 silly reify mark deleted [ 'D:\\CMP\\frontend\\node_modules\\@esbuild\\linux-ia32' ]
229 verbose reify failed optional dependency D:\CMP\frontend\node_modules\@esbuild\linux-arm64
230 silly reify mark deleted [ 'D:\\CMP\\frontend\\node_modules\\@esbuild\\linux-arm64' ]
231 verbose reify failed optional dependency D:\CMP\frontend\node_modules\@esbuild\linux-arm
232 silly reify mark deleted [ 'D:\\CMP\\frontend\\node_modules\\@esbuild\\linux-arm' ]
233 verbose reify failed optional dependency D:\CMP\frontend\node_modules\@esbuild\freebsd-x64
234 silly reify mark deleted [ 'D:\\CMP\\frontend\\node_modules\\@esbuild\\freebsd-x64' ]
235 verbose reify failed optional dependency D:\CMP\frontend\node_modules\@esbuild\freebsd-arm64
236 silly reify mark deleted [ 'D:\\CMP\\frontend\\node_modules\\@esbuild\\freebsd-arm64' ]
237 verbose reify failed optional dependency D:\CMP\frontend\node_modules\@esbuild\darwin-x64
238 silly reify mark deleted [ 'D:\\CMP\\frontend\\node_modules\\@esbuild\\darwin-x64' ]
239 verbose reify failed optional dependency D:\CMP\frontend\node_modules\@esbuild\darwin-arm64
240 silly reify mark deleted [ 'D:\\CMP\\frontend\\node_modules\\@esbuild\\darwin-arm64' ]
241 verbose reify failed optional dependency D:\CMP\frontend\node_modules\@esbuild\android-x64
242 silly reify mark deleted [ 'D:\\CMP\\frontend\\node_modules\\@esbuild\\android-x64' ]
243 verbose reify failed optional dependency D:\CMP\frontend\node_modules\@esbuild\android-arm64
244 silly reify mark deleted [ 'D:\\CMP\\frontend\\node_modules\\@esbuild\\android-arm64' ]
245 verbose reify failed optional dependency D:\CMP\frontend\node_modules\@esbuild\android-arm
246 silly reify mark deleted [ 'D:\\CMP\\frontend\\node_modules\\@esbuild\\android-arm' ]
247 verbose reify failed optional dependency D:\CMP\frontend\node_modules\@esbuild\aix-ppc64
248 silly reify mark deleted [ 'D:\\CMP\\frontend\\node_modules\\@esbuild\\aix-ppc64' ]
249 http fetch POST 200 https://registry.npmjs.org/-/npm/v1/security/advisories/bulk 464ms
250 silly audit report {}
251 silly ADD node_modules/lucide-react
252 silly ADD
253 silly ADD
254 silly ADD
255 silly ADD
256 silly ADD
257 silly ADD
258 silly ADD
259 silly ADD
260 silly ADD
261 silly ADD
262 silly ADD
263 silly ADD
264 silly ADD
265 silly ADD
266 silly ADD
267 silly ADD
268 silly ADD
269 silly ADD
270 silly ADD
271 silly ADD
272 silly ADD
273 silly ADD
274 silly ADD
275 silly ADD
276 silly ADD
277 silly ADD
278 silly ADD
279 silly ADD
280 silly ADD
281 silly ADD
282 silly ADD
283 silly ADD
284 silly ADD
285 silly ADD
286 silly ADD
287 silly ADD
288 silly ADD
289 silly ADD
290 silly ADD
291 silly ADD
292 silly ADD
293 silly ADD
294 silly ADD
295 silly ADD
296 silly ADD
297 silly ADD
298 silly ADD
299 silly ADD
300 silly ADD
301 silly ADD
302 silly ADD
303 silly ADD
304 silly ADD
305 silly ADD
306 silly ADD
307 silly ADD
308 silly ADD
309 silly ADD
310 silly ADD
311 silly ADD
312 silly ADD
313 silly ADD
314 silly ADD
315 silly ADD
316 silly ADD
317 silly ADD
318 silly ADD
319 silly ADD
320 silly ADD
321 silly ADD
322 silly ADD
323 silly ADD
324 silly ADD
325 silly ADD
326 silly ADD
327 silly ADD
328 silly ADD
329 silly ADD
330 silly ADD
331 silly ADD
332 silly ADD
333 silly ADD
334 silly ADD
335 silly ADD
336 silly ADD
337 silly ADD
338 silly ADD
339 silly ADD
340 silly ADD
341 silly ADD
342 silly ADD
343 silly ADD
344 silly ADD
345 silly ADD
346 silly ADD
347 silly ADD
348 silly ADD
349 silly ADD
350 silly ADD
351 silly ADD
352 silly ADD
353 silly ADD
354 silly ADD
355 silly ADD
356 silly ADD
357 silly ADD
358 silly ADD
359 silly ADD
360 silly ADD
361 silly ADD
362 silly ADD
363 silly ADD
364 verbose cwd D:\CMP\frontend
365 verbose os Windows_NT 10.0.26100
366 verbose node v22.12.0
367 verbose npm  v10.9.0
368 verbose exit 0
369 info ok
